------------------------------------------------------------
Timing Analyzer Summary
------------------------------------------------------------

Type  : Slow 1100mV 85C Model Setup 'clk_150'
Slack : 1.626
TNS   : 0.000

Type  : Slow 1100mV 85C Model Hold 'clk_150'
Slack : 0.538
TNS   : 0.000

Type  : Slow 1100mV 85C Model Minimum Pulse Width 'clk_150'
Slack : 1.769
TNS   : 0.000

Type  : Slow 1100mV 0C Model Setup 'clk_150'
Slack : 1.600
TNS   : 0.000

Type  : Slow 1100mV 0C Model Hold 'clk_150'
Slack : 0.526
TNS   : 0.000

Type  : Slow 1100mV 0C Model Minimum Pulse Width 'clk_150'
Slack : 1.679
TNS   : 0.000

Type  : Fast 1100mV 85C Model Setup 'clk_150'
Slack : 4.269
TNS   : 0.000

Type  : Fast 1100mV 85C Model Hold 'clk_150'
Slack : 0.180
TNS   : 0.000

Type  : Fast 1100mV 85C Model Minimum Pulse Width 'clk_150'
Slack : 2.102
TNS   : 0.000

Type  : Fast 1100mV 0C Model Setup 'clk_150'
Slack : 4.547
TNS   : 0.000

Type  : Fast 1100mV 0C Model Hold 'clk_150'
Slack : 0.171
TNS   : 0.000

Type  : Fast 1100mV 0C Model Minimum Pulse Width 'clk_150'
Slack : 2.098
TNS   : 0.000

------------------------------------------------------------
